=== BASLAT === 
Cum 15.05.2026 14:30:28,62 
[2026-05-16 17:01:40] === BASLAT ===
[2026-05-16 17:01:40] Sunucu baslatildi, hazir bekleniyor...
[2026-05-16 17:01:41] Sunucu hazir, pencere aciliyor...
[2026-05-16 17:01:46] Uygulama acildi, kapanis izleniyor...
[2026-05-16 17:02:07] Uygulama kapandi, sunucu durduruluyor.
[2026-05-16 17:02:07] === BITTI ===
[2026-05-16 17:02:08] === BASLAT ===
[2026-05-16 17:02:09] Sunucu baslatildi, hazir bekleniyor...
[2026-05-16 17:02:10] Sunucu hazir, pencere aciliyor...
[2026-05-16 17:02:15] Uygulama acildi, kapanis izleniyor...
[2026-05-16 17:02:54] Uygulama kapandi, sunucu durduruluyor.
[2026-05-16 17:02:54] === BITTI ===
[2026-05-16 17:04:11] === BASLAT ===
[2026-05-16 17:04:12] Sunucu baslatildi, hazir bekleniyor...
[2026-05-16 17:04:13] Sunucu hazir, pencere aciliyor...
[2026-05-16 17:04:18] Uygulama acildi, kapanis izleniyor...
[2026-05-16 17:04:22] Uygulama kapandi, sunucu durduruluyor.
[2026-05-16 17:04:22] === BITTI ===
[2026-05-16 17:04:29] === BASLAT ===
[2026-05-16 17:04:30] Sunucu baslatildi, hazir bekleniyor...
[2026-05-16 17:04:31] Sunucu hazir, pencere aciliyor...
[2026-05-16 17:04:36] Uygulama acildi, kapanis izleniyor...
[2026-05-16 17:04:41] Uygulama kapandi, sunucu durduruluyor.
[2026-05-16 17:04:41] === BITTI ===
[2026-05-16 17:08:53] === BASLAT ===
[2026-05-16 17:08:57] Sunucu baslatildi, hazir bekleniyor...
[2026-05-16 17:08:58] Sunucu hazir, pencere aciliyor...
[2026-05-16 17:09:36] UYARI: Uygulama penceresi algilanamadi; sunucu acik kaldi.
[2026-05-16 17:09:36] HATA: Sunucu calisiyor ama pencere acilamadi.

Edge veya Chrome kurulu mu?

Elle deneyin: http://127.0.0.1:3010/
[2026-05-16 17:09:48] === BASLAT ===
[2026-05-16 17:09:49] Sunucu baslatildi, hazir bekleniyor...
[2026-05-16 17:09:50] Sunucu hazir, pencere aciliyor...
[2026-05-16 20:12:28] === BASLAT ===
[2026-05-16 20:12:30] Sunucu bekleniyor (SQL baglantisi yavas olabilir)...
[2026-05-16 20:12:30] Sunucu hazir.
[2026-05-16 20:12:33] Uygulama acildi, kapanis izleniyor...
[2026-05-16 20:12:38] === BASLAT ===
[2026-05-16 20:12:39] Sunucu bekleniyor (SQL baglantisi yavas olabilir)...
[2026-05-16 20:12:39] Sunucu hazir.
[2026-05-16 20:12:42] Uygulama acildi, kapanis izleniyor...
[2026-05-16 20:12:44] === BASLAT ===
[2026-05-16 20:12:45] Sunucu bekleniyor (SQL baglantisi yavas olabilir)...
[2026-05-16 20:12:46] Sunucu hazir.
[2026-05-16 20:12:49] Uygulama acildi, kapanis izleniyor...
[2026-05-16 20:12:54] Uygulama kapandi, sunucu durduruluyor.
[2026-05-16 20:12:54] Uygulama kapandi, sunucu durduruluyor.
[2026-05-16 20:12:54] === BITTI ===
[2026-05-16 20:12:54] === BITTI ===
[2026-05-16 20:12:54] Uygulama kapandi, sunucu durduruluyor.
[2026-05-16 20:12:54] === BITTI ===
[2026-05-16 20:14:04] === BASLAT ===
[2026-05-16 20:14:05] Sunucu bekleniyor (SQL baglantisi yavas olabilir)...
[2026-05-16 20:14:06] Sunucu hazir.
[2026-05-16 20:14:09] Tarayici aciliyor...
[2026-05-16 20:14:09] === BASLAT ===
[2026-05-16 20:14:10] Sunucu bekleniyor...
[2026-05-16 20:14:11] Sunucu hazir.
[2026-05-16 20:14:11] Masaustu uygulama penceresi aciliyor (app modu)...
[2026-05-16 20:14:16] Uygulama acildi, kapanis izleniyor...
[2026-05-16 20:14:19] Uygulama acildi, kapanis izleniyor...
[2026-05-16 20:14:19] === BASLAT ===
[2026-05-16 20:14:20] Sunucu bekleniyor...
[2026-05-16 20:14:21] Sunucu hazir.
[2026-05-16 20:14:21] Masaustu uygulama penceresi aciliyor (app modu)...
[2026-05-16 20:14:29] Uygulama acildi, kapanis izleniyor...
[2026-05-16 20:14:29] === BASLAT ===
[2026-05-16 20:14:30] Sunucu bekleniyor...
[2026-05-16 20:14:31] Sunucu hazir.
[2026-05-16 20:14:31] Masaustu uygulama penceresi aciliyor (app modu)...
[2026-05-16 20:14:41] === BASLAT ===
[2026-05-16 20:14:41] Masaustu uygulama penceresi aciliyor (app modu)...
[2026-05-16 20:14:42] Sunucu bekleniyor...
[2026-05-16 20:14:42] Sunucu hazir.
[2026-05-16 20:14:42] Masaustu uygulama penceresi aciliyor (app modu)...
[2026-05-16 20:14:49] Uygulama acildi, kapanis izleniyor...
[2026-05-16 20:14:50] Uygulama acildi, kapanis izleniyor...
[2026-05-16 20:15:02] === BASLAT ===
[2026-05-16 20:15:03] Sunucu bekleniyor...
[2026-05-16 20:15:04] Sunucu hazir.
[2026-05-16 20:15:04] Masaustu uygulama penceresi aciliyor (app modu)...
[2026-05-16 20:15:12] Uygulama acildi, kapanis izleniyor...
[2026-05-16 20:15:55] === BASLAT ===
[2026-05-16 20:15:56] Sunucu bekleniyor...
[2026-05-16 20:15:57] Uygulama kapandi, sunucu durduruluyor.
[2026-05-16 20:15:57] Uygulama kapandi, sunucu durduruluyor.
[2026-05-16 20:15:57] === BITTI ===
[2026-05-16 20:15:57] === BITTI ===
[2026-05-16 20:15:57] Uygulama kapandi, sunucu durduruluyor.
[2026-05-16 20:15:57] Uygulama kapandi, sunucu durduruluyor.
[2026-05-16 20:15:57] === BITTI ===
[2026-05-16 20:15:57] Uygulama kapandi, sunucu durduruluyor.
[2026-05-16 20:15:57] === BITTI ===
[2026-05-16 20:15:57] Uygulama kapandi, sunucu durduruluyor.
[2026-05-16 20:15:57] === BITTI ===
[2026-05-16 20:15:57] === BITTI ===
[2026-05-16 20:16:03] === BASLAT ===
[2026-05-16 20:16:04] Sunucu bekleniyor...
[2026-05-16 20:16:04] Sunucu hazir.
[2026-05-16 20:16:04] Masaustu uygulama penceresi aciliyor (app modu)...
[2026-05-16 20:16:04] Sunucu hazir.
[2026-05-16 20:16:04] Masaustu uygulama penceresi aciliyor (app modu)...
[2026-05-16 20:16:14] Masaustu uygulama penceresi aciliyor (app modu)...
[2026-05-16 20:16:14] Masaustu uygulama penceresi aciliyor (app modu)...
[2026-05-16 20:16:22] Uygulama acildi, kapanis izleniyor...
[2026-05-16 20:16:22] Uygulama acildi, kapanis izleniyor...
[2026-05-16 20:16:53] Uygulama kapandi, sunucu durduruluyor.
[2026-05-16 20:16:53] Uygulama kapandi, sunucu durduruluyor.
[2026-05-16 20:16:53] === BITTI ===
[2026-05-16 20:16:53] === BITTI ===
[2026-05-16 20:17:42] === BASLAT ===
[2026-05-16 20:17:43] Sunucu bekleniyor...
[2026-05-16 20:17:43] Sunucu hazir.
[2026-05-16 20:17:43] Masaustu uygulama penceresi aciliyor (app modu)...
[2026-05-16 20:17:51] Uygulama acildi, kapanis izleniyor...
[2026-05-16 20:17:58] Uygulama kapandi, sunucu durduruluyor.
[2026-05-16 20:17:58] === BITTI ===
[2026-05-17 02:34:18] === BASLAT ===
[2026-05-17 02:34:19] Sunucu bekleniyor...
[2026-05-17 02:34:24] Sunucu hazir.
[2026-05-17 02:34:24] Masaustu uygulama penceresi aciliyor (app modu)...
[2026-05-17 02:34:32] Uygulama acildi, kapanis izleniyor...
[2026-05-17 02:35:18] Uygulama kapandi, sunucu durduruluyor.
[2026-05-17 02:35:18] === BITTI ===
[2026-05-19 01:23:49] === BASLAT ===
[2026-05-19 01:23:50] Sunucu bekleniyor...
[2026-05-19 01:23:56] Sunucu hazir.
[2026-05-19 01:23:56] Masaustu uygulama penceresi aciliyor (app modu)...
[2026-05-19 01:24:04] Uygulama acildi, kapanis izleniyor...
[2026-05-19 01:25:42] Uygulama kapandi, sunucu durduruluyor.
[2026-05-19 01:25:42] === BITTI ===
[2026-05-19 01:25:46] === BASLAT ===
[2026-05-19 01:25:47] Sunucu bekleniyor...
[2026-05-19 01:25:48] Sunucu hazir.
[2026-05-19 01:25:48] Masaustu uygulama penceresi aciliyor (app modu)...
[2026-05-19 01:25:58] Masaustu uygulama penceresi aciliyor (app modu)...
[2026-05-19 01:26:06] UYARI: Uygulama penceresi acilamadi.
[2026-05-19 01:26:06] HATA: Pencere acilamadi.

Edge veya Chrome kurulu olmali.
BASLAT-DENETLE.bat calistirin.
Log: C:\ELEKTRIK\demo\son-calistirma.log
[2026-05-19 01:32:16] === BASLAT ===
[2026-05-19 01:32:17] Sunucu bekleniyor...
[2026-05-19 01:32:22] Sunucu hazir.
[2026-05-19 01:32:22] Masaustu uygulama penceresi aciliyor (app modu)...
[2026-05-19 01:32:30] Uygulama acildi, kapanis izleniyor...
[2026-05-19 01:36:58] Uygulama kapandi, sunucu durduruluyor.
[2026-05-19 01:36:58] === BITTI ===
[2026-05-19 01:37:18] === BASLAT ===
[2026-05-19 01:37:20] Sunucu bekleniyor...
[2026-05-19 01:37:25] Sunucu hazir.
[2026-05-19 01:37:25] Masaustu uygulama penceresi aciliyor (app modu)...
[2026-05-19 01:37:33] Uygulama acildi, kapanis izleniyor...
[2026-05-19 01:43:15] Uygulama kapandi, sunucu durduruluyor.
[2026-05-19 01:43:16] === BITTI ===
[2026-05-19 16:41:47] === BASLAT ===
[2026-05-19 16:41:48] Sunucu bekleniyor...
[2026-05-19 16:41:48] Sunucu hazir.
[2026-05-19 16:41:48] Masaustu uygulama penceresi aciliyor (app modu)...
[2026-05-19 16:41:56] Uygulama acildi, kapanis izleniyor...
[2026-05-19 16:43:09] Uygulama kapandi, sunucu durduruluyor.
[2026-05-19 16:43:09] === BITTI ===
[2026-05-19 16:43:10] === BASLAT ===
[2026-05-19 16:43:11] Sunucu bekleniyor...
[2026-05-19 16:43:12] Sunucu hazir.
[2026-05-19 16:43:12] Masaustu uygulama penceresi aciliyor (app modu)...
[2026-05-19 16:43:20] Uygulama acildi, kapanis izleniyor...
[2026-05-19 21:26:35] Uygulama kapandi, sunucu durduruluyor.
[2026-05-19 21:26:35] === BITTI ===
[2026-05-20 13:21:14] === BASLAT ===
[2026-05-20 13:21:15] Sunucu bekleniyor...
[2026-05-20 13:21:16] Sunucu hazir.
[2026-05-20 13:21:16] Masaustu uygulama penceresi aciliyor (app modu)...
[2026-05-20 13:21:27] Masaustu uygulama penceresi aciliyor (app modu)...
[2026-05-20 13:21:35] Uygulama acildi, kapanis izleniyor...
[2026-05-20 13:24:33] Uygulama kapandi, sunucu durduruluyor.
[2026-05-20 13:24:33] === BITTI ===
[2026-05-21 18:51:00] === BASLAT ===
[2026-05-21 18:51:01] Sunucu bekleniyor...
[2026-05-21 18:51:06] Sunucu hazir.
[2026-05-21 18:51:06] Masaustu uygulama penceresi aciliyor (app modu)...
[2026-05-21 18:51:16] Masaustu uygulama penceresi aciliyor (app modu)...
[2026-05-21 18:51:24] Uygulama acildi, kapanis izleniyor...
[2026-05-21 18:57:38] Uygulama kapandi, sunucu durduruluyor.
[2026-05-21 18:57:38] === BITTI ===
[2026-05-21 19:06:47] === BASLAT ===
[2026-05-21 19:06:48] Sunucu bekleniyor...
[2026-05-21 19:06:48] Sunucu hazir.
[2026-05-21 19:06:48] Masaustu uygulama penceresi aciliyor (app modu)...
[2026-05-21 19:06:56] Uygulama acildi, kapanis izleniyor...
[2026-05-21 19:08:03] Uygulama kapandi, sunucu durduruluyor.
[2026-05-21 19:08:03] === BITTI ===
[2026-05-21 20:21:53] === BASLAT ===
[2026-05-21 20:21:54] Sunucu bekleniyor...
[2026-05-21 20:21:58] Sunucu hazir.
[2026-05-21 20:21:58] Masaustu uygulama penceresi aciliyor (app modu)...
[2026-05-21 20:22:07] Uygulama acildi, kapanis izleniyor...
[2026-05-21 20:22:15] Uygulama kapandi, sunucu durduruluyor.
[2026-05-21 20:22:15] === BITTI ===
[2026-05-22 19:27:55] === BASLAT ===
[2026-05-22 19:27:57] Sunucu bekleniyor...
[2026-05-22 19:28:02] Sunucu hazir.
[2026-05-22 19:28:02] Masaustu uygulama penceresi aciliyor (app modu)...
[2026-05-22 19:28:10] Uygulama acildi, kapanis izleniyor...
[2026-05-22 19:35:26] Uygulama kapandi, sunucu durduruluyor.
[2026-05-22 19:35:26] === BITTI ===
[2026-05-22 21:19:13] === BASLAT ===
[2026-05-22 21:19:14] Sunucu bekleniyor...
[2026-05-22 21:19:19] Sunucu hazir.
[2026-05-22 21:19:19] Masaustu uygulama penceresi aciliyor (app modu)...
[2026-05-22 21:19:27] Uygulama acildi, kapanis izleniyor...
[2026-05-22 21:30:22] Uygulama kapandi, sunucu durduruluyor.
[2026-05-22 21:30:22] === BITTI ===
[2026-05-23 01:56:06] === BASLAT ===
[2026-05-23 01:56:08] Sunucu bekleniyor...
[2026-05-23 01:56:09] Sunucu hazir.
[2026-05-23 01:56:09] Masaustu uygulama penceresi aciliyor (app modu)...
[2026-05-23 01:56:18] Uygulama acildi, kapanis izleniyor...
[2026-05-23 02:00:34] Uygulama kapandi, sunucu durduruluyor.
[2026-05-23 02:00:34] === BITTI ===
[2026-05-23 03:17:53] === BASLAT ===
[2026-05-23 03:17:54] Sunucu bekleniyor...
[2026-05-23 03:17:59] Sunucu hazir.
[2026-05-23 03:17:59] Masaustu uygulama penceresi aciliyor (app modu)...
[2026-05-23 03:18:07] Uygulama acildi, kapanis izleniyor...
[2026-05-23 03:22:39] Uygulama kapandi, sunucu durduruluyor.
[2026-05-23 03:22:39] === BITTI ===
